Copyright 1986-2022 Xilinx, Inc. All Rights Reserved. Copyright 2022-2024 Advanced Micro Devices, Inc. All Rights Reserved.
-----------------------------------------------------------------------------------------------------------------------------------------------------
| Tool Version : Vivado v.2024.1.2 (win64) Build 5164865 Thu Sep  5 14:37:11 MDT 2024
| Date         : Wed Jun 24 00:26:17 2026
| Host         : MSI running 64-bit major release  (build 9200)
| Command      : report_timing_summary -file D:/Files/UniTrento/advanced/final_brain_wave_recognizer/extras/proof/vivado/02_synth_timing_summary.rpt
| Design       : design_1_wrapper
| Device       : 7a100t-csg324
| Speed File   : -1  PRODUCTION 1.23 2018-06-13
| Design State : Synthesized
-----------------------------------------------------------------------------------------------------------------------------------------------------

Timing Summary Report

------------------------------------------------------------------------------------------------
| Timer Settings
| --------------
------------------------------------------------------------------------------------------------

  Enable Multi Corner Analysis               :  Yes
  Enable Pessimism Removal                   :  Yes
  Pessimism Removal Resolution               :  Nearest Common Node
  Enable Input Delay Default Clock           :  No
  Enable Preset / Clear Arcs                 :  No
  Disable Flight Delays                      :  No
  Ignore I/O Paths                           :  No
  Timing Early Launch at Borrowing Latches   :  No
  Borrow Time for Max Delay Exceptions       :  Yes
  Merge Timing Exceptions                    :  Yes
  Inter-SLR Compensation                     :  Conservative

  Corner  Analyze    Analyze    
  Name    Max Paths  Min Paths  
  ------  ---------  ---------  
  Slow    Yes        Yes        
  Fast    Yes        Yes        


------------------------------------------------------------------------------------------------
| Report Methodology
| ------------------
------------------------------------------------------------------------------------------------

No report available as report_methodology has not been run prior. Run report_methodology on the current design for the summary of methodology violations.



check_timing report

Table of Contents
-----------------
1. checking no_clock (0)
2. checking constant_clock (0)
3. checking pulse_width_clock (0)
4. checking unconstrained_internal_endpoints (0)
5. checking no_input_delay (1)
6. checking no_output_delay (15)
7. checking multiple_clock (6939)
8. checking generated_clocks (0)
9. checking loops (0)
10. checking partial_input_delay (0)
11. checking partial_output_delay (0)
12. checking latch_loops (0)

1. checking no_clock (0)
------------------------
 There are 0 register/latch pins with no clock.


2. checking constant_clock (0)
------------------------------
 There are 0 register/latch pins with constant_clock.


3. checking pulse_width_clock (0)
---------------------------------
 There are 0 register/latch pins which need pulse_width check


4. checking unconstrained_internal_endpoints (0)
------------------------------------------------
 There are 0 pins that are not constrained for maximum delay.

 There are 0 pins that are not constrained for maximum delay due to constant clock.


5. checking no_input_delay (1)
------------------------------
 There is 1 input port with no input delay specified. (HIGH)

 There are 0 input ports with no input delay but user has a false path constraint.


6. checking no_output_delay (15)
--------------------------------
 There are 15 ports with no output delay specified. (HIGH)

 There are 0 ports with no output delay but user has a false path constraint

 There are 0 ports with no output delay but with a timing clock defined on it or propagating through it


7. checking multiple_clock (6939)
---------------------------------
 There are 6939 register/latch pins with multiple clocks. (HIGH)


8. checking generated_clocks (0)
--------------------------------
 There are 0 generated clocks that are not connected to a clock source.


9. checking loops (0)
---------------------
 There are 0 combinational loops in the design.


10. checking partial_input_delay (0)
------------------------------------
 There are 0 input ports with partial input delay specified.


11. checking partial_output_delay (0)
-------------------------------------
 There are 0 ports with partial output delay specified.


12. checking latch_loops (0)
----------------------------
 There are 0 combinational latch loops in the design through latch input



------------------------------------------------------------------------------------------------
| Design Timing Summary
| ---------------------
------------------------------------------------------------------------------------------------

    WNS(ns)      TNS(ns)  TNS Failing Endpoints  TNS Total Endpoints      WHS(ns)      THS(ns)  THS Failing Endpoints  THS Total Endpoints     WPWS(ns)     TPWS(ns)  TPWS Failing Endpoints  TPWS Total Endpoints  
    -------      -------  ---------------------  -------------------      -------      -------  ---------------------  -------------------     --------     --------  ----------------------  --------------------  
     29.230        0.000                      0                20670       -0.053       -0.465                     14                20670        3.000        0.000                       0                  6945  


Timing constraints are not met.


------------------------------------------------------------------------------------------------
| Clock Summary
| -------------
------------------------------------------------------------------------------------------------

Clock                              Waveform(ns)       Period(ns)      Frequency(MHz)
-----                              ------------       ----------      --------------
sys_clk                            {0.000 5.000}      10.000          100.000         
  clk_out1_design_1_clk_wiz_0_0    {0.000 20.000}     40.000          25.000          
  clkfbout_design_1_clk_wiz_0_0    {0.000 5.000}      10.000          100.000         
sys_clk_pin                        {0.000 5.000}      10.000          100.000         
  clk_out1_design_1_clk_wiz_0_0_1  {0.000 20.000}     40.000          25.000          
  clkfbout_design_1_clk_wiz_0_0_1  {0.000 5.000}      10.000          100.000         


------------------------------------------------------------------------------------------------
| Intra Clock Table
| -----------------
------------------------------------------------------------------------------------------------

Clock                                  WNS(ns)      TNS(ns)  TNS Failing Endpoints  TNS Total Endpoints      WHS(ns)      THS(ns)  THS Failing Endpoints  THS Total Endpoints     WPWS(ns)     TPWS(ns)  TPWS Failing Endpoints  TPWS Total Endpoints  
-----                                  -------      -------  ---------------------  -------------------      -------      -------  ---------------------  -------------------     --------     --------  ----------------------  --------------------  
sys_clk                                                                                                                                                                              3.000        0.000                       0                     1  
  clk_out1_design_1_clk_wiz_0_0         29.230        0.000                      0                20670        0.045        0.000                      0                20670       19.020        0.000                       0                  6941  
  clkfbout_design_1_clk_wiz_0_0                                                                                                                                                      7.845        0.000                       0                     3  
sys_clk_pin                                                                                                                                                                          3.000        0.000                       0                     1  
  clk_out1_design_1_clk_wiz_0_0_1       29.234        0.000                      0                20670        0.045        0.000                      0                20670       19.020        0.000                       0                  6941  
  clkfbout_design_1_clk_wiz_0_0_1                                                                                                                                                    7.845        0.000                       0                     3  


------------------------------------------------------------------------------------------------
| Inter Clock Table
| -----------------
------------------------------------------------------------------------------------------------

From Clock                       To Clock                             WNS(ns)      TNS(ns)  TNS Failing Endpoints  TNS Total Endpoints      WHS(ns)      THS(ns)  THS Failing Endpoints  THS Total Endpoints  
----------                       --------                             -------      -------  ---------------------  -------------------      -------      -------  ---------------------  -------------------  
clk_out1_design_1_clk_wiz_0_0_1  clk_out1_design_1_clk_wiz_0_0         29.230        0.000                      0                20670       -0.053       -0.465                     14                20670  
clk_out1_design_1_clk_wiz_0_0    clk_out1_design_1_clk_wiz_0_0_1       29.230        0.000                      0                20670       -0.053       -0.465                     14                20670  


------------------------------------------------------------------------------------------------
| Other Path Groups Table
| -----------------------
------------------------------------------------------------------------------------------------

Path Group    From Clock    To Clock          WNS(ns)      TNS(ns)  TNS Failing Endpoints  TNS Total Endpoints      WHS(ns)      THS(ns)  THS Failing Endpoints  THS Total Endpoints  
----------    ----------    --------          -------      -------  ---------------------  -------------------      -------      -------  ---------------------  -------------------  


------------------------------------------------------------------------------------------------
| Timing Details
| --------------
------------------------------------------------------------------------------------------------


---------------------------------------------------------------------------------------------------
From Clock:  sys_clk
  To Clock:  sys_clk

Setup :           NA  Failing Endpoints,  Worst Slack           NA  ,  Total Violation           NA
Hold  :           NA  Failing Endpoints,  Worst Slack           NA  ,  Total Violation           NA
PW    :            0  Failing Endpoints,  Worst Slack        3.000ns,  Total Violation        0.000ns
---------------------------------------------------------------------------------------------------


Pulse Width Checks
--------------------------------------------------------------------------------------
Clock Name:         sys_clk
Waveform(ns):       { 0.000 5.000 }
Period(ns):         10.000
Sources:            { sys_clk }

Check Type        Corner  Lib Pin            Reference Pin  Required(ns)  Actual(ns)  Slack(ns)  Location  Pin
Min Period        n/a     MMCME2_ADV/CLKIN1  n/a            1.249         10.000      8.751                design_1_i/clk_wiz/inst/mmcm_adv_inst/CLKIN1
Max Period        n/a     MMCME2_ADV/CLKIN1  n/a            100.000       10.000      90.000               design_1_i/clk_wiz/inst/mmcm_adv_inst/CLKIN1
Low Pulse Width   Slow    MMCME2_ADV/CLKIN1  n/a            2.000         5.000       3.000                design_1_i/clk_wiz/inst/mmcm_adv_inst/CLKIN1
High Pulse Width  Slow    MMCME2_ADV/CLKIN1  n/a            2.000         5.000       3.000                design_1_i/clk_wiz/inst/mmcm_adv_inst/CLKIN1



---------------------------------------------------------------------------------------------------
From Clock:  clk_out1_design_1_clk_wiz_0_0
  To Clock:  clk_out1_design_1_clk_wiz_0_0

Setup :            0  Failing Endpoints,  Worst Slack       29.230ns,  Total Violation        0.000ns
Hold  :            0  Failing Endpoints,  Worst Slack        0.045ns,  Total Violation        0.000ns
PW    :            0  Failing Endpoints,  Worst Slack       19.020ns,  Total Violation        0.000ns
---------------------------------------------------------------------------------------------------


Max Delay Paths
--------------------------------------------------------------------------------------
Slack (MET) :             29.230ns  (required time - arrival time)
  Source:                 design_1_i/test_signal_generator/inst/phase_index_reg_rep[1]/C
                            (rising edge-triggered cell FDRE clocked by clk_out1_design_1_clk_wiz_0_0  {rise@0.000ns fall@20.000ns period=40.000ns})
  Destination:            design_1_i/vga_display/inst/waveform_buffer_inst/wave_mem_reg[0][3]/D
                            (rising edge-triggered cell FDSE clocked by clk_out1_design_1_clk_wiz_0_0  {rise@0.000ns fall@20.000ns period=40.000ns})
  Path Group:             clk_out1_design_1_clk_wiz_0_0
  Path Type:              Setup (Max at Slow Process Corner)
  Requirement:            40.000ns  (clk_out1_design_1_clk_wiz_0_0 rise@40.000ns - clk_out1_design_1_clk_wiz_0_0 rise@0.000ns)
  Data Path Delay:        10.571ns  (logic 5.974ns (56.513%)  route 4.597ns (43.487%))
  Logic Levels:           18  (CARRY4=11 LUT1=1 LUT2=2 LUT3=2 LUT4=1 LUT5=1)
  Clock Path Skew:        -0.145ns (DCD - SCD + CPR)
    Destination Clock Delay (DCD):    -2.238ns = ( 37.762 - 40.000 ) 
    Source Clock Delay      (SCD):    -1.562ns
    Clock Pessimism Removal (CPR):    0.531ns
  Clock Uncertainty:      0.098ns  ((TSJ^2 + DJ^2)^1/2) / 2 + PE
    Total System Jitter     (TSJ):    0.071ns
    Discrete Jitter          (DJ):    0.182ns
    Phase Error              (PE):    0.000ns

    Location             Delay type                Incr(ns)  Path(ns)    Netlist Resource(s)
  -------------------------------------------------------------------    -------------------
                         (clock clk_out1_design_1_clk_wiz_0_0 rise edge)
                                                      0.000     0.000 r  
    E3                                                0.000     0.000 r  sys_clk (IN)
                         net (fo=0)                   0.000     0.000    design_1_i/clk_wiz/inst/clk_in1
    E3                   IBUF (Prop_ibuf_I_O)         1.482     1.482 r  design_1_i/clk_wiz/inst/clkin1_ibufg/O
                         net (fo=1, unplaced)         0.584     2.066    design_1_i/clk_wiz/inst/clk_in1_design_1_clk_wiz_0_0
                         MMCME2_ADV (Prop_mmcme2_adv_CLKIN1_CLKOUT0)
                                                     -5.111    -3.045 r  design_1_i/clk_wiz/inst/mmcm_adv_inst/CLKOUT0
                         net (fo=1, unplaced)         0.803    -2.242    design_1_i/clk_wiz/inst/clk_out1_design_1_clk_wiz_0_0
                         BUFG (Prop_bufg_I_O)         0.096    -2.146 r  design_1_i/clk_wiz/inst/clkout1_buf/O
                         net (fo=6939, unplaced)      0.584    -1.562    design_1_i/test_signal_generator/inst/clk
                         FDRE                                         r  design_1_i/test_signal_generator/inst/phase_index_reg_rep[1]/C
  -------------------------------------------------------------------    -------------------
                         FDRE (Prop_fdre_C_Q)         0.478    -1.084 r  design_1_i/test_signal_generator/inst/phase_index_reg_rep[1]/Q
                         net (fo=27, unplaced)        0.873    -0.211    design_1_i/test_signal_generator/inst/phase_index[1]
                         LUT5 (Prop_lut5_I0_O)        0.295     0.084 f  design_1_i/test_signal_generator/inst/g0_b0/O
                         net (fo=1, unplaced)         0.449     0.533    design_1_i/test_signal_generator/inst/g0_b0_n_0
                         LUT4 (Prop_lut4_I0_O)        0.124     0.657 f  design_1_i/test_signal_generator/inst/sample_out[0]_INST_0/O
                         net (fo=3, unplaced)         0.467     1.124    design_1_i/vga_display/inst/waveform_buffer_inst/sample_in[0]
                         LUT1 (Prop_lut1_I0_O)        0.124     1.248 r  design_1_i/vga_display/inst/waveform_buffer_inst/wave_mem[0][0]_i_8/O
                         net (fo=1, unplaced)         0.333     1.581    design_1_i/vga_display/inst/waveform_buffer_inst/p_0_out[0]
                         CARRY4 (Prop_carry4_CYINIT_CO[3])
                                                      0.595     2.176 r  design_1_i/vga_display/inst/waveform_buffer_inst/wave_mem_reg[0][0]_i_3/CO[3]
                         net (fo=1, unplaced)         0.000     2.176    design_1_i/vga_display/inst/waveform_buffer_inst/wave_mem_reg[0][0]_i_3_n_0
                         CARRY4 (Prop_carry4_CI_O[3])
                                                      0.331     2.507 f  design_1_i/vga_display/inst/waveform_buffer_inst/wave_mem_reg[0][0]_i_2/O[3]
                         net (fo=11, unplaced)        0.494     3.001    design_1_i/vga_display/inst/waveform_buffer_inst/value_in3[8]
                         LUT3 (Prop_lut3_I1_O)        0.307     3.308 r  design_1_i/vga_display/inst/waveform_buffer_inst/wave_mem[0][4]_i_3/O
                         net (fo=2, unplaced)         0.344     3.652    design_1_i/vga_display/inst/waveform_buffer_inst/p_0_in[0]
                         CARRY4 (Prop_carry4_CYINIT_CO[3])
                                                      0.595     4.247 r  design_1_i/vga_display/inst/waveform_buffer_inst/wave_mem_reg[0][4]_i_9/CO[3]
                         net (fo=1, unplaced)         0.000     4.247    design_1_i/vga_display/inst/waveform_buffer_inst/wave_mem_reg[0][4]_i_9_n_0
                         CARRY4 (Prop_carry4_CI_O[3])
                                                      0.331     4.578 f  design_1_i/vga_display/inst/waveform_buffer_inst/wave_mem_reg[0][8]_i_36/O[3]
                         net (fo=2, unplaced)         0.459     5.037    design_1_i/vga_display/inst/waveform_buffer_inst/value_in1[8]
                         LUT2 (Prop_lut2_I1_O)        0.302     5.339 r  design_1_i/vga_display/inst/waveform_buffer_inst/wave_mem[0][8]_i_13/O
                         net (fo=1, unplaced)         0.000     5.339    design_1_i/vga_display/inst/waveform_buffer_inst/p_0_in[8]
                         CARRY4 (Prop_carry4_DI[3]_CO[3])
                                                      0.429     5.768 r  design_1_i/vga_display/inst/waveform_buffer_inst/wave_mem_reg[0][8]_i_6/CO[3]
                         net (fo=1, unplaced)         0.000     5.768    design_1_i/vga_display/inst/waveform_buffer_inst/wave_mem_reg[0][8]_i_6_n_0
                         CARRY4 (Prop_carry4_CI_CO[3])
                                                      0.117     5.885 r  design_1_i/vga_display/inst/waveform_buffer_inst/wave_mem_reg[0][8]_i_79/CO[3]
                         net (fo=1, unplaced)         0.000     5.885    design_1_i/vga_display/inst/waveform_buffer_inst/wave_mem_reg[0][8]_i_79_n_0
                         CARRY4 (Prop_carry4_CI_CO[3])
                                                      0.117     6.002 r  design_1_i/vga_display/inst/waveform_buffer_inst/wave_mem_reg[0][8]_i_78/CO[3]
                         net (fo=1, unplaced)         0.000     6.002    design_1_i/vga_display/inst/waveform_buffer_inst/wave_mem_reg[0][8]_i_78_n_0
                         CARRY4 (Prop_carry4_CI_CO[3])
                                                      0.117     6.119 r  design_1_i/vga_display/inst/waveform_buffer_inst/wave_mem_reg[0][8]_i_52/CO[3]
                         net (fo=1, unplaced)         0.000     6.119    design_1_i/vga_display/inst/waveform_buffer_inst/wave_mem_reg[0][8]_i_52_n_0
                         CARRY4 (Prop_carry4_CI_CO[3])
                                                      0.117     6.236 r  design_1_i/vga_display/inst/waveform_buffer_inst/wave_mem_reg[0][8]_i_51/CO[3]
                         net (fo=1, unplaced)         0.000     6.236    design_1_i/vga_display/inst/waveform_buffer_inst/wave_mem_reg[0][8]_i_51_n_0
                         CARRY4 (Prop_carry4_CI_O[1])
                                                      0.337     6.573 r  design_1_i/vga_display/inst/waveform_buffer_inst/wave_mem_reg[0][8]_i_32/O[1]
                         net (fo=3, unplaced)         0.629     7.202    design_1_i/vga_display/inst/waveform_buffer_inst/value_in[26]
                         LUT2 (Prop_lut2_I0_O)        0.332     7.534 r  design_1_i/vga_display/inst/waveform_buffer_inst/wave_mem[0][8]_i_23/O
                         net (fo=1, unplaced)         0.000     7.534    design_1_i/vga_display/inst/waveform_buffer_inst/wave_mem[0][8]_i_23_n_0
                         CARRY4 (Prop_carry4_DI[0]_CO[2])
                                                      0.616     8.150 f  design_1_i/vga_display/inst/waveform_buffer_inst/wave_mem_reg[0][8]_i_7/CO[2]
                         net (fo=90, unplaced)        0.549     8.699    design_1_i/vga_display/inst/waveform_buffer_inst/clamp_int1
                         LUT3 (Prop_lut3_I1_O)        0.310     9.009 r  design_1_i/vga_display/inst/waveform_buffer_inst/wave_mem[0][3]_i_1/O
                         net (fo=64, unplaced)        0.000     9.009    design_1_i/vga_display/inst/waveform_buffer_inst/wave_mem[0][3]_i_1_n_0
                         FDSE                                         r  design_1_i/vga_display/inst/waveform_buffer_inst/wave_mem_reg[0][3]/D
  -------------------------------------------------------------------    -------------------

                         (clock clk_out1_design_1_clk_wiz_0_0 rise edge)
                                                     40.000    40.000 r  
    E3                                                0.000    40.000 r  sys_clk (IN)
                         net (fo=0)                   0.000    40.000    design_1_i/clk_wiz/inst/clk_in1
    E3                   IBUF (Prop_ibuf_I_O)         1.411    41.411 r  design_1_i/clk_wiz/inst/clkin1_ibufg/O
                         net (fo=1, unplaced)         0.439    41.850    design_1_i/clk_wiz/inst/clk_in1_design_1_clk_wiz_0_0
                         MMCME2_ADV (Prop_mmcme2_adv_CLKIN1_CLKOUT0)
                                                     -5.381    36.470 r  design_1_i/clk_wiz/inst/mmcm_adv_inst/CLKOUT0
                         net (fo=1, unplaced)         0.763    37.232    design_1_i/clk_wiz/inst/clk_out1_design_1_clk_wiz_0_0
                         BUFG (Prop_bufg_I_O)         0.091    37.323 r  design_1_i/clk_wiz/inst/clkout1_buf/O
                         net (fo=6939, unplaced)      0.439    37.762    design_1_i/vga_display/inst/waveform_buffer_inst/clk
                         FDSE                                         r  design_1_i/vga_display/inst/waveform_buffer_inst/wave_mem_reg[0][3]/C
                         clock pessimism              0.531    38.293    
                         clock uncertainty           -0.098    38.195    
                         FDSE (Setup_fdse_C_D)        0.044    38.239    design_1_i/vga_display/inst/waveform_buffer_inst/wave_mem_reg[0][3]
  -------------------------------------------------------------------
                         required time                         38.239    
                         arrival time                          -9.009    
  -------------------------------------------------------------------
                         slack                                 29.230    





Min Delay Paths
--------------------------------------------------------------------------------------
Slack (MET) :             0.045ns  (arrival time - required time)
  Source:                 design_1_i/proc_sys_reset_0/U0/EXT_LPF/ACTIVE_HIGH_EXT.ACT_HI_EXT/GENERATE_LEVEL_P_S_CDC.SINGLE_BIT.CROSS_PLEVEL_IN2SCNDRY_IN_cdc_to/C
                            (rising edge-triggered cell FDRE clocked by clk_out1_design_1_clk_wiz_0_0  {rise@0.000ns fall@20.000ns period=40.000ns})
  Destination:            design_1_i/proc_sys_reset_0/U0/EXT_LPF/ACTIVE_HIGH_EXT.ACT_HI_EXT/GENERATE_LEVEL_P_S_CDC.SINGLE_BIT.CROSS_PLEVEL_IN2SCNDRY_s_level_out_d2/D
                            (rising edge-triggered cell FDRE clocked by clk_out1_design_1_clk_wiz_0_0  {rise@0.000ns fall@20.000ns period=40.000ns})
  Path Group:             clk_out1_design_1_clk_wiz_0_0
  Path Type:              Hold (Min at Fast Process Corner)
  Requirement:            0.000ns  (clk_out1_design_1_clk_wiz_0_0 rise@0.000ns - clk_out1_design_1_clk_wiz_0_0 rise@0.000ns)
  Data Path Delay:        0.228ns  (logic 0.147ns (64.493%)  route 0.081ns (35.507%))
  Logic Levels:           0  
  Clock Path Skew:        0.145ns (DCD - SCD - CPR)
    Destination Clock Delay (DCD):    -1.070ns
    Source Clock Delay      (SCD):    -0.935ns
    Clock Pessimism Removal (CPR):    -0.280ns

    Location             Delay type                Incr(ns)  Path(ns)    Netlist Resource(s)
  -------------------------------------------------------------------    -------------------
                         (clock clk_out1_design_1_clk_wiz_0_0 rise edge)
                                                      0.000     0.000 r  
    E3                                                0.000     0.000 r  sys_clk (IN)
                         net (fo=0)                   0.000     0.000    design_1_i/clk_wiz/inst/clk_in1
    E3                   IBUF (Prop_ibuf_I_O)         0.250     0.250 r  design_1_i/clk_wiz/inst/clkin1_ibufg/O
                         net (fo=1, unplaced)         0.114     0.364    design_1_i/clk_wiz/inst/clk_in1_design_1_clk_wiz_0_0
                         MMCME2_ADV (Prop_mmcme2_adv_CLKIN1_CLKOUT0)
                                                     -1.777    -1.414 r  design_1_i/clk_wiz/inst/mmcm_adv_inst/CLKOUT0
                         net (fo=1, unplaced)         0.338    -1.075    design_1_i/clk_wiz/inst/clk_out1_design_1_clk_wiz_0_0
                         BUFG (Prop_bufg_I_O)         0.026    -1.049 r  design_1_i/clk_wiz/inst/clkout1_buf/O
                         net (fo=6939, unplaced)      0.114    -0.935    design_1_i/proc_sys_reset_0/U0/EXT_LPF/ACTIVE_HIGH_EXT.ACT_HI_EXT/slowest_sync_clk
                         FDRE                                         r  design_1_i/proc_sys_reset_0/U0/EXT_LPF/ACTIVE_HIGH_EXT.ACT_HI_EXT/GENERATE_LEVEL_P_S_CDC.SINGLE_BIT.CROSS_PLEVEL_IN2SCNDRY_IN_cdc_to/C
  -------------------------------------------------------------------    -------------------
                         FDRE (Prop_fdre_C_Q)         0.147    -0.788 r  design_1_i/proc_sys_reset_0/U0/EXT_LPF/ACTIVE_HIGH_EXT.ACT_HI_EXT/GENERATE_LEVEL_P_S_CDC.SINGLE_BIT.CROSS_PLEVEL_IN2SCNDRY_IN_cdc_to/Q
                         net (fo=1, unplaced)         0.081    -0.707    design_1_i/proc_sys_reset_0/U0/EXT_LPF/ACTIVE_HIGH_EXT.ACT_HI_EXT/Q
                         FDRE                                         r  design_1_i/proc_sys_reset_0/U0/EXT_LPF/ACTIVE_HIGH_EXT.ACT_HI_EXT/GENERATE_LEVEL_P_S_CDC.SINGLE_BIT.CROSS_PLEVEL_IN2SCNDRY_s_level_out_d2/D
  -------------------------------------------------------------------    -------------------

                         (clock clk_out1_design_1_clk_wiz_0_0 rise edge)
                                                      0.000     0.000 r  
    E3                                                0.000     0.000 r  sys_clk (IN)
                         net (fo=0)                   0.000     0.000    design_1_i/clk_wiz/inst/clk_in1
    E3                   IBUF (Prop_ibuf_I_O)         0.438     0.438 r  design_1_i/clk_wiz/inst/clkin1_ibufg/O
                         net (fo=1, unplaced)         0.259     0.697    design_1_i/clk_wiz/inst/clk_in1_design_1_clk_wiz_0_0
                         MMCME2_ADV (Prop_mmcme2_adv_CLKIN1_CLKOUT0)
                                                     -2.411    -1.715 r  design_1_i/clk_wiz/inst/mmcm_adv_inst/CLKOUT0
                         net (fo=1, unplaced)         0.356    -1.358    design_1_i/clk_wiz/inst/clk_out1_design_1_clk_wiz_0_0
                         BUFG (Prop_bufg_I_O)         0.029    -1.329 r  design_1_i/clk_wiz/inst/clkout1_buf/O
                         net (fo=6939, unplaced)      0.259    -1.070    design_1_i/proc_sys_reset_0/U0/EXT_LPF/ACTIVE_HIGH_EXT.ACT_HI_EXT/slowest_sync_clk
                         FDRE                                         r  design_1_i/proc_sys_reset_0/U0/EXT_LPF/ACTIVE_HIGH_EXT.ACT_HI_EXT/GENERATE_LEVEL_P_S_CDC.SINGLE_BIT.CROSS_PLEVEL_IN2SCNDRY_s_level_out_d2/C
                         clock pessimism              0.280    -0.790    
                         FDRE (Hold_fdre_C_D)         0.038    -0.752    design_1_i/proc_sys_reset_0/U0/EXT_LPF/ACTIVE_HIGH_EXT.ACT_HI_EXT/GENERATE_LEVEL_P_S_CDC.SINGLE_BIT.CROSS_PLEVEL_IN2SCNDRY_s_level_out_d2
  -------------------------------------------------------------------
                         required time                          0.752    
                         arrival time                          -0.707    
  -------------------------------------------------------------------
                         slack                                  0.045    





Pulse Width Checks
--------------------------------------------------------------------------------------
Clock Name:         clk_out1_design_1_clk_wiz_0_0
Waveform(ns):       { 0.000 20.000 }
Period(ns):         40.000
Sources:            { design_1_i/clk_wiz/inst/mmcm_adv_inst/CLKOUT0 }

Check Type        Corner  Lib Pin             Reference Pin  Required(ns)  Actual(ns)  Slack(ns)  Location  Pin
Min Period        n/a     DSP48E1/CLK         n/a            3.884         40.000      36.116               design_1_i/brainwave_recognizer/inst/mul_ln89_16_reg_2368_reg/CLK
Max Period        n/a     MMCME2_ADV/CLKOUT0  n/a            213.360       40.000      173.360              design_1_i/clk_wiz/inst/mmcm_adv_inst/CLKOUT0
Low Pulse Width   Slow    SRL16E/CLK          n/a            0.980         20.000      19.020               design_1_i/brainwave_recognizer/inst/sample_valid_read_reg_1843_pp0_iter5_reg_reg[0]_srl5/CLK
High Pulse Width  Slow    SRL16E/CLK          n/a            0.980         20.000      19.020               design_1_i/brainwave_recognizer/inst/sample_valid_read_reg_1843_pp0_iter5_reg_reg[0]_srl5/CLK



---------------------------------------------------------------------------------------------------
From Clock:  clkfbout_design_1_clk_wiz_0_0
  To Clock:  clkfbout_design_1_clk_wiz_0_0

Setup :           NA  Failing Endpoints,  Worst Slack           NA  ,  Total Violation           NA
Hold  :           NA  Failing Endpoints,  Worst Slack           NA  ,  Total Violation           NA
PW    :            0  Failing Endpoints,  Worst Slack        7.845ns,  Total Violation        0.000ns
---------------------------------------------------------------------------------------------------


Pulse Width Checks
--------------------------------------------------------------------------------------
Clock Name:         clkfbout_design_1_clk_wiz_0_0
Waveform(ns):       { 0.000 5.000 }
Period(ns):         10.000
Sources:            { design_1_i/clk_wiz/inst/mmcm_adv_inst/CLKFBOUT }

Check Type  Corner  Lib Pin             Reference Pin  Required(ns)  Actual(ns)  Slack(ns)  Location  Pin
Min Period  n/a     BUFG/I              n/a            2.155         10.000      7.845                design_1_i/clk_wiz/inst/clkf_buf/I
Max Period  n/a     MMCME2_ADV/CLKFBIN  n/a            100.000       10.000      90.000               design_1_i/clk_wiz/inst/mmcm_adv_inst/CLKFBIN



---------------------------------------------------------------------------------------------------
From Clock:  sys_clk_pin
  To Clock:  sys_clk_pin

Setup :           NA  Failing Endpoints,  Worst Slack           NA  ,  Total Violation           NA
Hold  :           NA  Failing Endpoints,  Worst Slack           NA  ,  Total Violation           NA
PW    :            0  Failing Endpoints,  Worst Slack        3.000ns,  Total Violation        0.000ns
---------------------------------------------------------------------------------------------------


Pulse Width Checks
--------------------------------------------------------------------------------------
Clock Name:         sys_clk_pin
Waveform(ns):       { 0.000 5.000 }
Period(ns):         10.000
Sources:            { sys_clk }

Check Type        Corner  Lib Pin            Reference Pin  Required(ns)  Actual(ns)  Slack(ns)  Location  Pin
Min Period        n/a     MMCME2_ADV/CLKIN1  n/a            1.249         10.000      8.751                design_1_i/clk_wiz/inst/mmcm_adv_inst/CLKIN1
Max Period        n/a     MMCME2_ADV/CLKIN1  n/a            100.000       10.000      90.000               design_1_i/clk_wiz/inst/mmcm_adv_inst/CLKIN1
Low Pulse Width   Slow    MMCME2_ADV/CLKIN1  n/a            2.000         5.000       3.000                design_1_i/clk_wiz/inst/mmcm_adv_inst/CLKIN1
High Pulse Width  Slow    MMCME2_ADV/CLKIN1  n/a            2.000         5.000       3.000                design_1_i/clk_wiz/inst/mmcm_adv_inst/CLKIN1



---------------------------------------------------------------------------------------------------
From Clock:  clk_out1_design_1_clk_wiz_0_0_1
  To Clock:  clk_out1_design_1_clk_wiz_0_0_1

Setup :            0  Failing Endpoints,  Worst Slack       29.234ns,  Total Violation        0.000ns
Hold  :            0  Failing Endpoints,  Worst Slack        0.045ns,  Total Violation        0.000ns
PW    :            0  Failing Endpoints,  Worst Slack       19.020ns,  Total Violation        0.000ns
---------------------------------------------------------------------------------------------------


Max Delay Paths
--------------------------------------------------------------------------------------
Slack (MET) :             29.234ns  (required time - arrival time)
  Source:                 design_1_i/test_signal_generator/inst/phase_index_reg_rep[1]/C
                            (rising edge-triggered cell FDRE clocked by clk_out1_design_1_clk_wiz_0_0_1  {rise@0.000ns fall@20.000ns period=40.000ns})
  Destination:            design_1_i/vga_display/inst/waveform_buffer_inst/wave_mem_reg[0][3]/D
                            (rising edge-triggered cell FDSE clocked by clk_out1_design_1_clk_wiz_0_0_1  {rise@0.000ns fall@20.000ns period=40.000ns})
  Path Group:             clk_out1_design_1_clk_wiz_0_0_1
  Path Type:              Setup (Max at Slow Process Corner)
  Requirement:            40.000ns  (clk_out1_design_1_clk_wiz_0_0_1 rise@40.000ns - clk_out1_design_1_clk_wiz_0_0_1 rise@0.000ns)
  Data Path Delay:        10.571ns  (logic 5.974ns (56.513%)  route 4.597ns (43.487%))
  Logic Levels:           18  (CARRY4=11 LUT1=1 LUT2=2 LUT3=2 LUT4=1 LUT5=1)
  Clock Path Skew:        -0.145ns (DCD - SCD + CPR)
    Destination Clock Delay (DCD):    -2.238ns = ( 37.762 - 40.000 ) 
    Source Clock Delay      (SCD):    -1.562ns
    Clock Pessimism Removal (CPR):    0.531ns
  Clock Uncertainty:      0.094ns  ((TSJ^2 + DJ^2)^1/2) / 2 + PE
    Total System Jitter     (TSJ):    0.071ns
    Discrete Jitter          (DJ):    0.175ns
    Phase Error              (PE):    0.000ns

    Location             Delay type                Incr(ns)  Path(ns)    Netlist Resource(s)
  -------------------------------------------------------------------    -------------------
                         (clock clk_out1_design_1_clk_wiz_0_0_1 rise edge)
                                                      0.000     0.000 r  
    E3                                                0.000     0.000 r  sys_clk (IN)
                         net (fo=0)                   0.000     0.000    design_1_i/clk_wiz/inst/clk_in1
    E3                   IBUF (Prop_ibuf_I_O)         1.482     1.482 r  design_1_i/clk_wiz/inst/clkin1_ibufg/O
                         net (fo=1, unplaced)         0.584     2.066    design_1_i/clk_wiz/inst/clk_in1_design_1_clk_wiz_0_0
                         MMCME2_ADV (Prop_mmcme2_adv_CLKIN1_CLKOUT0)
                                                     -5.111    -3.045 r  design_1_i/clk_wiz/inst/mmcm_adv_inst/CLKOUT0
                         net (fo=1, unplaced)         0.803    -2.242    design_1_i/clk_wiz/inst/clk_out1_design_1_clk_wiz_0_0
                         BUFG (Prop_bufg_I_O)         0.096    -2.146 r  design_1_i/clk_wiz/inst/clkout1_buf/O
                         net (fo=6939, unplaced)      0.584    -1.562    design_1_i/test_signal_generator/inst/clk
                         FDRE                                         r  design_1_i/test_signal_generator/inst/phase_index_reg_rep[1]/C
  -------------------------------------------------------------------    -------------------
                         FDRE (Prop_fdre_C_Q)         0.478    -1.084 r  design_1_i/test_signal_generator/inst/phase_index_reg_rep[1]/Q
                         net (fo=27, unplaced)        0.873    -0.211    design_1_i/test_signal_generator/inst/phase_index[1]
                         LUT5 (Prop_lut5_I0_O)        0.295     0.084 f  design_1_i/test_signal_generator/inst/g0_b0/O
                         net (fo=1, unplaced)         0.449     0.533    design_1_i/test_signal_generator/inst/g0_b0_n_0
                         LUT4 (Prop_lut4_I0_O)        0.124     0.657 f  design_1_i/test_signal_generator/inst/sample_out[0]_INST_0/O
                         net (fo=3, unplaced)         0.467     1.124    design_1_i/vga_display/inst/waveform_buffer_inst/sample_in[0]
                         LUT1 (Prop_lut1_I0_O)        0.124     1.248 r  design_1_i/vga_display/inst/waveform_buffer_inst/wave_mem[0][0]_i_8/O
                         net (fo=1, unplaced)         0.333     1.581    design_1_i/vga_display/inst/waveform_buffer_inst/p_0_out[0]
                         CARRY4 (Prop_carry4_CYINIT_CO[3])
                                                      0.595     2.176 r  design_1_i/vga_display/inst/waveform_buffer_inst/wave_mem_reg[0][0]_i_3/CO[3]
                         net (fo=1, unplaced)         0.000     2.176    design_1_i/vga_display/inst/waveform_buffer_inst/wave_mem_reg[0][0]_i_3_n_0
                         CARRY4 (Prop_carry4_CI_O[3])
                                                      0.331     2.507 f  design_1_i/vga_display/inst/waveform_buffer_inst/wave_mem_reg[0][0]_i_2/O[3]
                         net (fo=11, unplaced)        0.494     3.001    design_1_i/vga_display/inst/waveform_buffer_inst/value_in3[8]
                         LUT3 (Prop_lut3_I1_O)        0.307     3.308 r  design_1_i/vga_display/inst/waveform_buffer_inst/wave_mem[0][4]_i_3/O
                         net (fo=2, unplaced)         0.344     3.652    design_1_i/vga_display/inst/waveform_buffer_inst/p_0_in[0]
                         CARRY4 (Prop_carry4_CYINIT_CO[3])
                                                      0.595     4.247 r  design_1_i/vga_display/inst/waveform_buffer_inst/wave_mem_reg[0][4]_i_9/CO[3]
                         net (fo=1, unplaced)         0.000     4.247    design_1_i/vga_display/inst/waveform_buffer_inst/wave_mem_reg[0][4]_i_9_n_0
                         CARRY4 (Prop_carry4_CI_O[3])
                                                      0.331     4.578 f  design_1_i/vga_display/inst/waveform_buffer_inst/wave_mem_reg[0][8]_i_36/O[3]
                         net (fo=2, unplaced)         0.459     5.037    design_1_i/vga_display/inst/waveform_buffer_inst/value_in1[8]
                         LUT2 (Prop_lut2_I1_O)        0.302     5.339 r  design_1_i/vga_display/inst/waveform_buffer_inst/wave_mem[0][8]_i_13/O
                         net (fo=1, unplaced)         0.000     5.339    design_1_i/vga_display/inst/waveform_buffer_inst/p_0_in[8]
                         CARRY4 (Prop_carry4_DI[3]_CO[3])
                                                      0.429     5.768 r  design_1_i/vga_display/inst/waveform_buffer_inst/wave_mem_reg[0][8]_i_6/CO[3]
                         net (fo=1, unplaced)         0.000     5.768    design_1_i/vga_display/inst/waveform_buffer_inst/wave_mem_reg[0][8]_i_6_n_0
                         CARRY4 (Prop_carry4_CI_CO[3])
                                                      0.117     5.885 r  design_1_i/vga_display/inst/waveform_buffer_inst/wave_mem_reg[0][8]_i_79/CO[3]
                         net (fo=1, unplaced)         0.000     5.885    design_1_i/vga_display/inst/waveform_buffer_inst/wave_mem_reg[0][8]_i_79_n_0
                         CARRY4 (Prop_carry4_CI_CO[3])
                                                      0.117     6.002 r  design_1_i/vga_display/inst/waveform_buffer_inst/wave_mem_reg[0][8]_i_78/CO[3]
                         net (fo=1, unplaced)         0.000     6.002    design_1_i/vga_display/inst/waveform_buffer_inst/wave_mem_reg[0][8]_i_78_n_0
                         CARRY4 (Prop_carry4_CI_CO[3])
                                                      0.117     6.119 r  design_1_i/vga_display/inst/waveform_buffer_inst/wave_mem_reg[0][8]_i_52/CO[3]
                         net (fo=1, unplaced)         0.000     6.119    design_1_i/vga_display/inst/waveform_buffer_inst/wave_mem_reg[0][8]_i_52_n_0
                         CARRY4 (Prop_carry4_CI_CO[3])
                                                      0.117     6.236 r  design_1_i/vga_display/inst/waveform_buffer_inst/wave_mem_reg[0][8]_i_51/CO[3]
                         net (fo=1, unplaced)         0.000     6.236    design_1_i/vga_display/inst/waveform_buffer_inst/wave_mem_reg[0][8]_i_51_n_0
                         CARRY4 (Prop_carry4_CI_O[1])
                                                      0.337     6.573 r  design_1_i/vga_display/inst/waveform_buffer_inst/wave_mem_reg[0][8]_i_32/O[1]
                         net (fo=3, unplaced)         0.629     7.202    design_1_i/vga_display/inst/waveform_buffer_inst/value_in[26]
                         LUT2 (Prop_lut2_I0_O)        0.332     7.534 r  design_1_i/vga_display/inst/waveform_buffer_inst/wave_mem[0][8]_i_23/O
                         net (fo=1, unplaced)         0.000     7.534    design_1_i/vga_display/inst/waveform_buffer_inst/wave_mem[0][8]_i_23_n_0
                         CARRY4 (Prop_carry4_DI[0]_CO[2])
                                                      0.616     8.150 f  design_1_i/vga_display/inst/waveform_buffer_inst/wave_mem_reg[0][8]_i_7/CO[2]
                         net (fo=90, unplaced)        0.549     8.699    design_1_i/vga_display/inst/waveform_buffer_inst/clamp_int1
                         LUT3 (Prop_lut3_I1_O)        0.310     9.009 r  design_1_i/vga_display/inst/waveform_buffer_inst/wave_mem[0][3]_i_1/O
                         net (fo=64, unplaced)        0.000     9.009    design_1_i/vga_display/inst/waveform_buffer_inst/wave_mem[0][3]_i_1_n_0
                         FDSE                                         r  design_1_i/vga_display/inst/waveform_buffer_inst/wave_mem_reg[0][3]/D
  -------------------------------------------------------------------    -------------------

                         (clock clk_out1_design_1_clk_wiz_0_0_1 rise edge)
                                                     40.000    40.000 r  
    E3                                                0.000    40.000 r  sys_clk (IN)
                         net (fo=0)                   0.000    40.000    design_1_i/clk_wiz/inst/clk_in1
    E3                   IBUF (Prop_ibuf_I_O)         1.411    41.411 r  design_1_i/clk_wiz/inst/clkin1_ibufg/O
                         net (fo=1, unplaced)         0.439    41.850    design_1_i/clk_wiz/inst/clk_in1_design_1_clk_wiz_0_0
                         MMCME2_ADV (Prop_mmcme2_adv_CLKIN1_CLKOUT0)
                                                     -5.381    36.470 r  design_1_i/clk_wiz/inst/mmcm_adv_inst/CLKOUT0
                         net (fo=1, unplaced)         0.763    37.232    design_1_i/clk_wiz/inst/clk_out1_design_1_clk_wiz_0_0
                         BUFG (Prop_bufg_I_O)         0.091    37.323 r  design_1_i/clk_wiz/inst/clkout1_buf/O
                         net (fo=6939, unplaced)      0.439    37.762    design_1_i/vga_display/inst/waveform_buffer_inst/clk
                         FDSE                                         r  design_1_i/vga_display/inst/waveform_buffer_inst/wave_mem_reg[0][3]/C
                         clock pessimism              0.531    38.293    
                         clock uncertainty           -0.094    38.198    
                         FDSE (Setup_fdse_C_D)        0.044    38.242    design_1_i/vga_display/inst/waveform_buffer_inst/wave_mem_reg[0][3]
  -------------------------------------------------------------------
                         required time                         38.242    
                         arrival time                          -9.009    
  -------------------------------------------------------------------
                         slack                                 29.234    





Min Delay Paths
--------------------------------------------------------------------------------------
Slack (MET) :             0.045ns  (arrival time - required time)
  Source:                 design_1_i/proc_sys_reset_0/U0/EXT_LPF/ACTIVE_HIGH_EXT.ACT_HI_EXT/GENERATE_LEVEL_P_S_CDC.SINGLE_BIT.CROSS_PLEVEL_IN2SCNDRY_IN_cdc_to/C
                            (rising edge-triggered cell FDRE clocked by clk_out1_design_1_clk_wiz_0_0_1  {rise@0.000ns fall@20.000ns period=40.000ns})
  Destination:            design_1_i/proc_sys_reset_0/U0/EXT_LPF/ACTIVE_HIGH_EXT.ACT_HI_EXT/GENERATE_LEVEL_P_S_CDC.SINGLE_BIT.CROSS_PLEVEL_IN2SCNDRY_s_level_out_d2/D
                            (rising edge-triggered cell FDRE clocked by clk_out1_design_1_clk_wiz_0_0_1  {rise@0.000ns fall@20.000ns period=40.000ns})
  Path Group:             clk_out1_design_1_clk_wiz_0_0_1
  Path Type:              Hold (Min at Fast Process Corner)
  Requirement:            0.000ns  (clk_out1_design_1_clk_wiz_0_0_1 rise@0.000ns - clk_out1_design_1_clk_wiz_0_0_1 rise@0.000ns)
  Data Path Delay:        0.228ns  (logic 0.147ns (64.493%)  route 0.081ns (35.507%))
  Logic Levels:           0  
  Clock Path Skew:        0.145ns (DCD - SCD - CPR)
    Destination Clock Delay (DCD):    -1.070ns
    Source Clock Delay      (SCD):    -0.935ns
    Clock Pessimism Removal (CPR):    -0.280ns

    Location             Delay type                Incr(ns)  Path(ns)    Netlist Resource(s)
  -------------------------------------------------------------------    -------------------
                         (clock clk_out1_design_1_clk_wiz_0_0_1 rise edge)
                                                      0.000     0.000 r  
    E3                                                0.000     0.000 r  sys_clk (IN)
                         net (fo=0)                   0.000     0.000    design_1_i/clk_wiz/inst/clk_in1
    E3                   IBUF (Prop_ibuf_I_O)         0.250     0.250 r  design_1_i/clk_wiz/inst/clkin1_ibufg/O
                         net (fo=1, unplaced)         0.114     0.364    design_1_i/clk_wiz/inst/clk_in1_design_1_clk_wiz_0_0
                         MMCME2_ADV (Prop_mmcme2_adv_CLKIN1_CLKOUT0)
                                                     -1.777    -1.414 r  design_1_i/clk_wiz/inst/mmcm_adv_inst/CLKOUT0
                         net (fo=1, unplaced)         0.338    -1.075    design_1_i/clk_wiz/inst/clk_out1_design_1_clk_wiz_0_0
                         BUFG (Prop_bufg_I_O)         0.026    -1.049 r  design_1_i/clk_wiz/inst/clkout1_buf/O
                         net (fo=6939, unplaced)      0.114    -0.935    design_1_i/proc_sys_reset_0/U0/EXT_LPF/ACTIVE_HIGH_EXT.ACT_HI_EXT/slowest_sync_clk
                         FDRE                                         r  design_1_i/proc_sys_reset_0/U0/EXT_LPF/ACTIVE_HIGH_EXT.ACT_HI_EXT/GENERATE_LEVEL_P_S_CDC.SINGLE_BIT.CROSS_PLEVEL_IN2SCNDRY_IN_cdc_to/C
  -------------------------------------------------------------------    -------------------
                         FDRE (Prop_fdre_C_Q)         0.147    -0.788 r  design_1_i/proc_sys_reset_0/U0/EXT_LPF/ACTIVE_HIGH_EXT.ACT_HI_EXT/GENERATE_LEVEL_P_S_CDC.SINGLE_BIT.CROSS_PLEVEL_IN2SCNDRY_IN_cdc_to/Q
                         net (fo=1, unplaced)         0.081    -0.707    design_1_i/proc_sys_reset_0/U0/EXT_LPF/ACTIVE_HIGH_EXT.ACT_HI_EXT/Q
                         FDRE                                         r  design_1_i/proc_sys_reset_0/U0/EXT_LPF/ACTIVE_HIGH_EXT.ACT_HI_EXT/GENERATE_LEVEL_P_S_CDC.SINGLE_BIT.CROSS_PLEVEL_IN2SCNDRY_s_level_out_d2/D
  -------------------------------------------------------------------    -------------------

                         (clock clk_out1_design_1_clk_wiz_0_0_1 rise edge)
                                                      0.000     0.000 r  
    E3                                                0.000     0.000 r  sys_clk (IN)
                         net (fo=0)                   0.000     0.000    design_1_i/clk_wiz/inst/clk_in1
    E3                   IBUF (Prop_ibuf_I_O)         0.438     0.438 r  design_1_i/clk_wiz/inst/clkin1_ibufg/O
                         net (fo=1, unplaced)         0.259     0.697    design_1_i/clk_wiz/inst/clk_in1_design_1_clk_wiz_0_0
                         MMCME2_ADV (Prop_mmcme2_adv_CLKIN1_CLKOUT0)
                                                     -2.411    -1.715 r  design_1_i/clk_wiz/inst/mmcm_adv_inst/CLKOUT0
                         net (fo=1, unplaced)         0.356    -1.358    design_1_i/clk_wiz/inst/clk_out1_design_1_clk_wiz_0_0
                         BUFG (Prop_bufg_I_O)         0.029    -1.329 r  design_1_i/clk_wiz/inst/clkout1_buf/O
                         net (fo=6939, unplaced)      0.259    -1.070    design_1_i/proc_sys_reset_0/U0/EXT_LPF/ACTIVE_HIGH_EXT.ACT_HI_EXT/slowest_sync_clk
                         FDRE                                         r  design_1_i/proc_sys_reset_0/U0/EXT_LPF/ACTIVE_HIGH_EXT.ACT_HI_EXT/GENERATE_LEVEL_P_S_CDC.SINGLE_BIT.CROSS_PLEVEL_IN2SCNDRY_s_level_out_d2/C
                         clock pessimism              0.280    -0.790    
                         FDRE (Hold_fdre_C_D)         0.038    -0.752    design_1_i/proc_sys_reset_0/U0/EXT_LPF/ACTIVE_HIGH_EXT.ACT_HI_EXT/GENERATE_LEVEL_P_S_CDC.SINGLE_BIT.CROSS_PLEVEL_IN2SCNDRY_s_level_out_d2
  -------------------------------------------------------------------
                         required time                          0.752    
                         arrival time                          -0.707    
  -------------------------------------------------------------------
                         slack                                  0.045    





Pulse Width Checks
--------------------------------------------------------------------------------------
Clock Name:         clk_out1_design_1_clk_wiz_0_0_1
Waveform(ns):       { 0.000 20.000 }
Period(ns):         40.000
Sources:            { design_1_i/clk_wiz/inst/mmcm_adv_inst/CLKOUT0 }

Check Type        Corner  Lib Pin             Reference Pin  Required(ns)  Actual(ns)  Slack(ns)  Location  Pin
Min Period        n/a     DSP48E1/CLK         n/a            3.884         40.000      36.116               design_1_i/brainwave_recognizer/inst/mul_ln89_16_reg_2368_reg/CLK
Max Period        n/a     MMCME2_ADV/CLKOUT0  n/a            213.360       40.000      173.360              design_1_i/clk_wiz/inst/mmcm_adv_inst/CLKOUT0
Low Pulse Width   Slow    SRL16E/CLK          n/a            0.980         20.000      19.020               design_1_i/brainwave_recognizer/inst/sample_valid_read_reg_1843_pp0_iter5_reg_reg[0]_srl5/CLK
High Pulse Width  Slow    SRL16E/CLK          n/a            0.980         20.000      19.020               design_1_i/brainwave_recognizer/inst/sample_valid_read_reg_1843_pp0_iter5_reg_reg[0]_srl5/CLK



---------------------------------------------------------------------------------------------------
From Clock:  clkfbout_design_1_clk_wiz_0_0_1
  To Clock:  clkfbout_design_1_clk_wiz_0_0_1

Setup :           NA  Failing Endpoints,  Worst Slack           NA  ,  Total Violation           NA
Hold  :           NA  Failing Endpoints,  Worst Slack           NA  ,  Total Violation           NA
PW    :            0  Failing Endpoints,  Worst Slack        7.845ns,  Total Violation        0.000ns
---------------------------------------------------------------------------------------------------


Pulse Width Checks
--------------------------------------------------------------------------------------
Clock Name:         clkfbout_design_1_clk_wiz_0_0_1
Waveform(ns):       { 0.000 5.000 }
Period(ns):         10.000
Sources:            { design_1_i/clk_wiz/inst/mmcm_adv_inst/CLKFBOUT }

Check Type  Corner  Lib Pin             Reference Pin  Required(ns)  Actual(ns)  Slack(ns)  Location  Pin
Min Period  n/a     BUFG/I              n/a            2.155         10.000      7.845                design_1_i/clk_wiz/inst/clkf_buf/I
Max Period  n/a     MMCME2_ADV/CLKFBIN  n/a            100.000       10.000      90.000               design_1_i/clk_wiz/inst/mmcm_adv_inst/CLKFBIN



---------------------------------------------------------------------------------------------------
From Clock:  clk_out1_design_1_clk_wiz_0_0_1
  To Clock:  clk_out1_design_1_clk_wiz_0_0

Setup :            0  Failing Endpoints,  Worst Slack       29.230ns,  Total Violation        0.000ns
Hold  :           14  Failing Endpoints,  Worst Slack       -0.053ns,  Total Violation       -0.465ns
---------------------------------------------------------------------------------------------------


Max Delay Paths
--------------------------------------------------------------------------------------
Slack (MET) :             29.230ns  (required time - arrival time)
  Source:                 design_1_i/test_signal_generator/inst/phase_index_reg_rep[1]/C
                            (rising edge-triggered cell FDRE clocked by clk_out1_design_1_clk_wiz_0_0_1  {rise@0.000ns fall@20.000ns period=40.000ns})
  Destination:            design_1_i/vga_display/inst/waveform_buffer_inst/wave_mem_reg[0][3]/D
                            (rising edge-triggered cell FDSE clocked by clk_out1_design_1_clk_wiz_0_0  {rise@0.000ns fall@20.000ns period=40.000ns})
  Path Group:             clk_out1_design_1_clk_wiz_0_0
  Path Type:              Setup (Max at Slow Process Corner)
  Requirement:            40.000ns  (clk_out1_design_1_clk_wiz_0_0 rise@40.000ns - clk_out1_design_1_clk_wiz_0_0_1 rise@0.000ns)
  Data Path Delay:        10.571ns  (logic 5.974ns (56.513%)  route 4.597ns (43.487%))
  Logic Levels:           18  (CARRY4=11 LUT1=1 LUT2=2 LUT3=2 LUT4=1 LUT5=1)
  Clock Path Skew:        -0.145ns (DCD - SCD + CPR)
    Destination Clock Delay (DCD):    -2.238ns = ( 37.762 - 40.000 ) 
    Source Clock Delay      (SCD):    -1.562ns
    Clock Pessimism Removal (CPR):    0.531ns
  Clock Uncertainty:      0.098ns  ((TSJ^2 + DJ^2)^1/2) / 2 + PE
    Total System Jitter     (TSJ):    0.071ns
    Discrete Jitter          (DJ):    0.182ns
    Phase Error              (PE):    0.000ns
  Clock Domain Crossing:  Inter clock paths are considered valid unless explicitly excluded by timing constraints such as set_clock_groups or set_false_path.

    Location             Delay type                Incr(ns)  Path(ns)    Netlist Resource(s)
  -------------------------------------------------------------------    -------------------
                         (clock clk_out1_design_1_clk_wiz_0_0_1 rise edge)
                                                      0.000     0.000 r  
    E3                                                0.000     0.000 r  sys_clk (IN)
                         net (fo=0)                   0.000     0.000    design_1_i/clk_wiz/inst/clk_in1
    E3                   IBUF (Prop_ibuf_I_O)         1.482     1.482 r  design_1_i/clk_wiz/inst/clkin1_ibufg/O
                         net (fo=1, unplaced)         0.584     2.066    design_1_i/clk_wiz/inst/clk_in1_design_1_clk_wiz_0_0
                         MMCME2_ADV (Prop_mmcme2_adv_CLKIN1_CLKOUT0)
                                                     -5.111    -3.045 r  design_1_i/clk_wiz/inst/mmcm_adv_inst/CLKOUT0
                         net (fo=1, unplaced)         0.803    -2.242    design_1_i/clk_wiz/inst/clk_out1_design_1_clk_wiz_0_0
                         BUFG (Prop_bufg_I_O)         0.096    -2.146 r  design_1_i/clk_wiz/inst/clkout1_buf/O
                         net (fo=6939, unplaced)      0.584    -1.562    design_1_i/test_signal_generator/inst/clk
                         FDRE                                         r  design_1_i/test_signal_generator/inst/phase_index_reg_rep[1]/C
  -------------------------------------------------------------------    -------------------
                         FDRE (Prop_fdre_C_Q)         0.478    -1.084 r  design_1_i/test_signal_generator/inst/phase_index_reg_rep[1]/Q
                         net (fo=27, unplaced)        0.873    -0.211    design_1_i/test_signal_generator/inst/phase_index[1]
                         LUT5 (Prop_lut5_I0_O)        0.295     0.084 f  design_1_i/test_signal_generator/inst/g0_b0/O
                         net (fo=1, unplaced)         0.449     0.533    design_1_i/test_signal_generator/inst/g0_b0_n_0
                         LUT4 (Prop_lut4_I0_O)        0.124     0.657 f  design_1_i/test_signal_generator/inst/sample_out[0]_INST_0/O
                         net (fo=3, unplaced)         0.467     1.124    design_1_i/vga_display/inst/waveform_buffer_inst/sample_in[0]
                         LUT1 (Prop_lut1_I0_O)        0.124     1.248 r  design_1_i/vga_display/inst/waveform_buffer_inst/wave_mem[0][0]_i_8/O
                         net (fo=1, unplaced)         0.333     1.581    design_1_i/vga_display/inst/waveform_buffer_inst/p_0_out[0]
                         CARRY4 (Prop_carry4_CYINIT_CO[3])
                                                      0.595     2.176 r  design_1_i/vga_display/inst/waveform_buffer_inst/wave_mem_reg[0][0]_i_3/CO[3]
                         net (fo=1, unplaced)         0.000     2.176    design_1_i/vga_display/inst/waveform_buffer_inst/wave_mem_reg[0][0]_i_3_n_0
                         CARRY4 (Prop_carry4_CI_O[3])
                                                      0.331     2.507 f  design_1_i/vga_display/inst/waveform_buffer_inst/wave_mem_reg[0][0]_i_2/O[3]
                         net (fo=11, unplaced)        0.494     3.001    design_1_i/vga_display/inst/waveform_buffer_inst/value_in3[8]
                         LUT3 (Prop_lut3_I1_O)        0.307     3.308 r  design_1_i/vga_display/inst/waveform_buffer_inst/wave_mem[0][4]_i_3/O
                         net (fo=2, unplaced)         0.344     3.652    design_1_i/vga_display/inst/waveform_buffer_inst/p_0_in[0]
                         CARRY4 (Prop_carry4_CYINIT_CO[3])
                                                      0.595     4.247 r  design_1_i/vga_display/inst/waveform_buffer_inst/wave_mem_reg[0][4]_i_9/CO[3]
                         net (fo=1, unplaced)         0.000     4.247    design_1_i/vga_display/inst/waveform_buffer_inst/wave_mem_reg[0][4]_i_9_n_0
                         CARRY4 (Prop_carry4_CI_O[3])
                                                      0.331     4.578 f  design_1_i/vga_display/inst/waveform_buffer_inst/wave_mem_reg[0][8]_i_36/O[3]
                         net (fo=2, unplaced)         0.459     5.037    design_1_i/vga_display/inst/waveform_buffer_inst/value_in1[8]
                         LUT2 (Prop_lut2_I1_O)        0.302     5.339 r  design_1_i/vga_display/inst/waveform_buffer_inst/wave_mem[0][8]_i_13/O
                         net (fo=1, unplaced)         0.000     5.339    design_1_i/vga_display/inst/waveform_buffer_inst/p_0_in[8]
                         CARRY4 (Prop_carry4_DI[3]_CO[3])
                                                      0.429     5.768 r  design_1_i/vga_display/inst/waveform_buffer_inst/wave_mem_reg[0][8]_i_6/CO[3]
                         net (fo=1, unplaced)         0.000     5.768    design_1_i/vga_display/inst/waveform_buffer_inst/wave_mem_reg[0][8]_i_6_n_0
                         CARRY4 (Prop_carry4_CI_CO[3])
                                                      0.117     5.885 r  design_1_i/vga_display/inst/waveform_buffer_inst/wave_mem_reg[0][8]_i_79/CO[3]
                         net (fo=1, unplaced)         0.000     5.885    design_1_i/vga_display/inst/waveform_buffer_inst/wave_mem_reg[0][8]_i_79_n_0
                         CARRY4 (Prop_carry4_CI_CO[3])
                                                      0.117     6.002 r  design_1_i/vga_display/inst/waveform_buffer_inst/wave_mem_reg[0][8]_i_78/CO[3]
                         net (fo=1, unplaced)         0.000     6.002    design_1_i/vga_display/inst/waveform_buffer_inst/wave_mem_reg[0][8]_i_78_n_0
                         CARRY4 (Prop_carry4_CI_CO[3])
                                                      0.117     6.119 r  design_1_i/vga_display/inst/waveform_buffer_inst/wave_mem_reg[0][8]_i_52/CO[3]
                         net (fo=1, unplaced)         0.000     6.119    design_1_i/vga_display/inst/waveform_buffer_inst/wave_mem_reg[0][8]_i_52_n_0
                         CARRY4 (Prop_carry4_CI_CO[3])
                                                      0.117     6.236 r  design_1_i/vga_display/inst/waveform_buffer_inst/wave_mem_reg[0][8]_i_51/CO[3]
                         net (fo=1, unplaced)         0.000     6.236    design_1_i/vga_display/inst/waveform_buffer_inst/wave_mem_reg[0][8]_i_51_n_0
                         CARRY4 (Prop_carry4_CI_O[1])
                                                      0.337     6.573 r  design_1_i/vga_display/inst/waveform_buffer_inst/wave_mem_reg[0][8]_i_32/O[1]
                         net (fo=3, unplaced)         0.629     7.202    design_1_i/vga_display/inst/waveform_buffer_inst/value_in[26]
                         LUT2 (Prop_lut2_I0_O)        0.332     7.534 r  design_1_i/vga_display/inst/waveform_buffer_inst/wave_mem[0][8]_i_23/O
                         net (fo=1, unplaced)         0.000     7.534    design_1_i/vga_display/inst/waveform_buffer_inst/wave_mem[0][8]_i_23_n_0
                         CARRY4 (Prop_carry4_DI[0]_CO[2])
                                                      0.616     8.150 f  design_1_i/vga_display/inst/waveform_buffer_inst/wave_mem_reg[0][8]_i_7/CO[2]
                         net (fo=90, unplaced)        0.549     8.699    design_1_i/vga_display/inst/waveform_buffer_inst/clamp_int1
                         LUT3 (Prop_lut3_I1_O)        0.310     9.009 r  design_1_i/vga_display/inst/waveform_buffer_inst/wave_mem[0][3]_i_1/O
                         net (fo=64, unplaced)        0.000     9.009    design_1_i/vga_display/inst/waveform_buffer_inst/wave_mem[0][3]_i_1_n_0
                         FDSE                                         r  design_1_i/vga_display/inst/waveform_buffer_inst/wave_mem_reg[0][3]/D
  -------------------------------------------------------------------    -------------------

                         (clock clk_out1_design_1_clk_wiz_0_0 rise edge)
                                                     40.000    40.000 r  
    E3                                                0.000    40.000 r  sys_clk (IN)
                         net (fo=0)                   0.000    40.000    design_1_i/clk_wiz/inst/clk_in1
    E3                   IBUF (Prop_ibuf_I_O)         1.411    41.411 r  design_1_i/clk_wiz/inst/clkin1_ibufg/O
                         net (fo=1, unplaced)         0.439    41.850    design_1_i/clk_wiz/inst/clk_in1_design_1_clk_wiz_0_0
                         MMCME2_ADV (Prop_mmcme2_adv_CLKIN1_CLKOUT0)
                                                     -5.381    36.470 r  design_1_i/clk_wiz/inst/mmcm_adv_inst/CLKOUT0
                         net (fo=1, unplaced)         0.763    37.232    design_1_i/clk_wiz/inst/clk_out1_design_1_clk_wiz_0_0
                         BUFG (Prop_bufg_I_O)         0.091    37.323 r  design_1_i/clk_wiz/inst/clkout1_buf/O
                         net (fo=6939, unplaced)      0.439    37.762    design_1_i/vga_display/inst/waveform_buffer_inst/clk
                         FDSE                                         r  design_1_i/vga_display/inst/waveform_buffer_inst/wave_mem_reg[0][3]/C
                         clock pessimism              0.531    38.293    
                         clock uncertainty           -0.098    38.195    
                         FDSE (Setup_fdse_C_D)        0.044    38.239    design_1_i/vga_display/inst/waveform_buffer_inst/wave_mem_reg[0][3]
  -------------------------------------------------------------------
                         required time                         38.239    
                         arrival time                          -9.009    
  -------------------------------------------------------------------
                         slack                                 29.230    





Min Delay Paths
--------------------------------------------------------------------------------------
Slack (VIOLATED) :        -0.053ns  (arrival time - required time)
  Source:                 design_1_i/proc_sys_reset_0/U0/EXT_LPF/ACTIVE_HIGH_EXT.ACT_HI_EXT/GENERATE_LEVEL_P_S_CDC.SINGLE_BIT.CROSS_PLEVEL_IN2SCNDRY_IN_cdc_to/C
                            (rising edge-triggered cell FDRE clocked by clk_out1_design_1_clk_wiz_0_0_1  {rise@0.000ns fall@20.000ns period=40.000ns})
  Destination:            design_1_i/proc_sys_reset_0/U0/EXT_LPF/ACTIVE_HIGH_EXT.ACT_HI_EXT/GENERATE_LEVEL_P_S_CDC.SINGLE_BIT.CROSS_PLEVEL_IN2SCNDRY_s_level_out_d2/D
                            (rising edge-triggered cell FDRE clocked by clk_out1_design_1_clk_wiz_0_0  {rise@0.000ns fall@20.000ns period=40.000ns})
  Path Group:             clk_out1_design_1_clk_wiz_0_0
  Path Type:              Hold (Min at Fast Process Corner)
  Requirement:            0.000ns  (clk_out1_design_1_clk_wiz_0_0 rise@0.000ns - clk_out1_design_1_clk_wiz_0_0_1 rise@0.000ns)
  Data Path Delay:        0.228ns  (logic 0.147ns (64.493%)  route 0.081ns (35.507%))
  Logic Levels:           0  
  Clock Path Skew:        0.145ns (DCD - SCD - CPR)
    Destination Clock Delay (DCD):    -1.070ns
    Source Clock Delay      (SCD):    -0.935ns
    Clock Pessimism Removal (CPR):    -0.280ns
  Clock Uncertainty:      0.098ns  ((TSJ^2 + DJ^2)^1/2) / 2 + PE
    Total System Jitter     (TSJ):    0.071ns
    Discrete Jitter          (DJ):    0.182ns
    Phase Error              (PE):    0.000ns
  Clock Domain Crossing:  Inter clock paths are considered valid unless explicitly excluded by timing constraints such as set_clock_groups or set_false_path.

    Location             Delay type                Incr(ns)  Path(ns)    Netlist Resource(s)
  -------------------------------------------------------------------    -------------------
                         (clock clk_out1_design_1_clk_wiz_0_0_1 rise edge)
                                                      0.000     0.000 r  
    E3                                                0.000     0.000 r  sys_clk (IN)
                         net (fo=0)                   0.000     0.000    design_1_i/clk_wiz/inst/clk_in1
    E3                   IBUF (Prop_ibuf_I_O)         0.250     0.250 r  design_1_i/clk_wiz/inst/clkin1_ibufg/O
                         net (fo=1, unplaced)         0.114     0.364    design_1_i/clk_wiz/inst/clk_in1_design_1_clk_wiz_0_0
                         MMCME2_ADV (Prop_mmcme2_adv_CLKIN1_CLKOUT0)
                                                     -1.777    -1.414 r  design_1_i/clk_wiz/inst/mmcm_adv_inst/CLKOUT0
                         net (fo=1, unplaced)         0.338    -1.075    design_1_i/clk_wiz/inst/clk_out1_design_1_clk_wiz_0_0
                         BUFG (Prop_bufg_I_O)         0.026    -1.049 r  design_1_i/clk_wiz/inst/clkout1_buf/O
                         net (fo=6939, unplaced)      0.114    -0.935    design_1_i/proc_sys_reset_0/U0/EXT_LPF/ACTIVE_HIGH_EXT.ACT_HI_EXT/slowest_sync_clk
                         FDRE                                         r  design_1_i/proc_sys_reset_0/U0/EXT_LPF/ACTIVE_HIGH_EXT.ACT_HI_EXT/GENERATE_LEVEL_P_S_CDC.SINGLE_BIT.CROSS_PLEVEL_IN2SCNDRY_IN_cdc_to/C
  -------------------------------------------------------------------    -------------------
                         FDRE (Prop_fdre_C_Q)         0.147    -0.788 r  design_1_i/proc_sys_reset_0/U0/EXT_LPF/ACTIVE_HIGH_EXT.ACT_HI_EXT/GENERATE_LEVEL_P_S_CDC.SINGLE_BIT.CROSS_PLEVEL_IN2SCNDRY_IN_cdc_to/Q
                         net (fo=1, unplaced)         0.081    -0.707    design_1_i/proc_sys_reset_0/U0/EXT_LPF/ACTIVE_HIGH_EXT.ACT_HI_EXT/Q
                         FDRE                                         r  design_1_i/proc_sys_reset_0/U0/EXT_LPF/ACTIVE_HIGH_EXT.ACT_HI_EXT/GENERATE_LEVEL_P_S_CDC.SINGLE_BIT.CROSS_PLEVEL_IN2SCNDRY_s_level_out_d2/D
  -------------------------------------------------------------------    -------------------

                         (clock clk_out1_design_1_clk_wiz_0_0 rise edge)
                                                      0.000     0.000 r  
    E3                                                0.000     0.000 r  sys_clk (IN)
                         net (fo=0)                   0.000     0.000    design_1_i/clk_wiz/inst/clk_in1
    E3                   IBUF (Prop_ibuf_I_O)         0.438     0.438 r  design_1_i/clk_wiz/inst/clkin1_ibufg/O
                         net (fo=1, unplaced)         0.259     0.697    design_1_i/clk_wiz/inst/clk_in1_design_1_clk_wiz_0_0
                         MMCME2_ADV (Prop_mmcme2_adv_CLKIN1_CLKOUT0)
                                                     -2.411    -1.715 r  design_1_i/clk_wiz/inst/mmcm_adv_inst/CLKOUT0
                         net (fo=1, unplaced)         0.356    -1.358    design_1_i/clk_wiz/inst/clk_out1_design_1_clk_wiz_0_0
                         BUFG (Prop_bufg_I_O)         0.029    -1.329 r  design_1_i/clk_wiz/inst/clkout1_buf/O
                         net (fo=6939, unplaced)      0.259    -1.070    design_1_i/proc_sys_reset_0/U0/EXT_LPF/ACTIVE_HIGH_EXT.ACT_HI_EXT/slowest_sync_clk
                         FDRE                                         r  design_1_i/proc_sys_reset_0/U0/EXT_LPF/ACTIVE_HIGH_EXT.ACT_HI_EXT/GENERATE_LEVEL_P_S_CDC.SINGLE_BIT.CROSS_PLEVEL_IN2SCNDRY_s_level_out_d2/C
                         clock pessimism              0.280    -0.790    
                         clock uncertainty            0.098    -0.693    
                         FDRE (Hold_fdre_C_D)         0.038    -0.655    design_1_i/proc_sys_reset_0/U0/EXT_LPF/ACTIVE_HIGH_EXT.ACT_HI_EXT/GENERATE_LEVEL_P_S_CDC.SINGLE_BIT.CROSS_PLEVEL_IN2SCNDRY_s_level_out_d2
  -------------------------------------------------------------------
                         required time                          0.655    
                         arrival time                          -0.707    
  -------------------------------------------------------------------
                         slack                                 -0.053    





---------------------------------------------------------------------------------------------------
From Clock:  clk_out1_design_1_clk_wiz_0_0
  To Clock:  clk_out1_design_1_clk_wiz_0_0_1

Setup :            0  Failing Endpoints,  Worst Slack       29.230ns,  Total Violation        0.000ns
Hold  :           14  Failing Endpoints,  Worst Slack       -0.053ns,  Total Violation       -0.465ns
---------------------------------------------------------------------------------------------------


Max Delay Paths
--------------------------------------------------------------------------------------
Slack (MET) :             29.230ns  (required time - arrival time)
  Source:                 design_1_i/test_signal_generator/inst/phase_index_reg_rep[1]/C
                            (rising edge-triggered cell FDRE clocked by clk_out1_design_1_clk_wiz_0_0  {rise@0.000ns fall@20.000ns period=40.000ns})
  Destination:            design_1_i/vga_display/inst/waveform_buffer_inst/wave_mem_reg[0][3]/D
                            (rising edge-triggered cell FDSE clocked by clk_out1_design_1_clk_wiz_0_0_1  {rise@0.000ns fall@20.000ns period=40.000ns})
  Path Group:             clk_out1_design_1_clk_wiz_0_0_1
  Path Type:              Setup (Max at Slow Process Corner)
  Requirement:            40.000ns  (clk_out1_design_1_clk_wiz_0_0_1 rise@40.000ns - clk_out1_design_1_clk_wiz_0_0 rise@0.000ns)
  Data Path Delay:        10.571ns  (logic 5.974ns (56.513%)  route 4.597ns (43.487%))
  Logic Levels:           18  (CARRY4=11 LUT1=1 LUT2=2 LUT3=2 LUT4=1 LUT5=1)
  Clock Path Skew:        -0.145ns (DCD - SCD + CPR)
    Destination Clock Delay (DCD):    -2.238ns = ( 37.762 - 40.000 ) 
    Source Clock Delay      (SCD):    -1.562ns
    Clock Pessimism Removal (CPR):    0.531ns
  Clock Uncertainty:      0.098ns  ((TSJ^2 + DJ^2)^1/2) / 2 + PE
    Total System Jitter     (TSJ):    0.071ns
    Discrete Jitter          (DJ):    0.182ns
    Phase Error              (PE):    0.000ns
  Clock Domain Crossing:  Inter clock paths are considered valid unless explicitly excluded by timing constraints such as set_clock_groups or set_false_path.

    Location             Delay type                Incr(ns)  Path(ns)    Netlist Resource(s)
  -------------------------------------------------------------------    -------------------
                         (clock clk_out1_design_1_clk_wiz_0_0 rise edge)
                                                      0.000     0.000 r  
    E3                                                0.000     0.000 r  sys_clk (IN)
                         net (fo=0)                   0.000     0.000    design_1_i/clk_wiz/inst/clk_in1
    E3                   IBUF (Prop_ibuf_I_O)         1.482     1.482 r  design_1_i/clk_wiz/inst/clkin1_ibufg/O
                         net (fo=1, unplaced)         0.584     2.066    design_1_i/clk_wiz/inst/clk_in1_design_1_clk_wiz_0_0
                         MMCME2_ADV (Prop_mmcme2_adv_CLKIN1_CLKOUT0)
                                                     -5.111    -3.045 r  design_1_i/clk_wiz/inst/mmcm_adv_inst/CLKOUT0
                         net (fo=1, unplaced)         0.803    -2.242    design_1_i/clk_wiz/inst/clk_out1_design_1_clk_wiz_0_0
                         BUFG (Prop_bufg_I_O)         0.096    -2.146 r  design_1_i/clk_wiz/inst/clkout1_buf/O
                         net (fo=6939, unplaced)      0.584    -1.562    design_1_i/test_signal_generator/inst/clk
                         FDRE                                         r  design_1_i/test_signal_generator/inst/phase_index_reg_rep[1]/C
  -------------------------------------------------------------------    -------------------
                         FDRE (Prop_fdre_C_Q)         0.478    -1.084 r  design_1_i/test_signal_generator/inst/phase_index_reg_rep[1]/Q
                         net (fo=27, unplaced)        0.873    -0.211    design_1_i/test_signal_generator/inst/phase_index[1]
                         LUT5 (Prop_lut5_I0_O)        0.295     0.084 f  design_1_i/test_signal_generator/inst/g0_b0/O
                         net (fo=1, unplaced)         0.449     0.533    design_1_i/test_signal_generator/inst/g0_b0_n_0
                         LUT4 (Prop_lut4_I0_O)        0.124     0.657 f  design_1_i/test_signal_generator/inst/sample_out[0]_INST_0/O
                         net (fo=3, unplaced)         0.467     1.124    design_1_i/vga_display/inst/waveform_buffer_inst/sample_in[0]
                         LUT1 (Prop_lut1_I0_O)        0.124     1.248 r  design_1_i/vga_display/inst/waveform_buffer_inst/wave_mem[0][0]_i_8/O
                         net (fo=1, unplaced)         0.333     1.581    design_1_i/vga_display/inst/waveform_buffer_inst/p_0_out[0]
                         CARRY4 (Prop_carry4_CYINIT_CO[3])
                                                      0.595     2.176 r  design_1_i/vga_display/inst/waveform_buffer_inst/wave_mem_reg[0][0]_i_3/CO[3]
                         net (fo=1, unplaced)         0.000     2.176    design_1_i/vga_display/inst/waveform_buffer_inst/wave_mem_reg[0][0]_i_3_n_0
                         CARRY4 (Prop_carry4_CI_O[3])
                                                      0.331     2.507 f  design_1_i/vga_display/inst/waveform_buffer_inst/wave_mem_reg[0][0]_i_2/O[3]
                         net (fo=11, unplaced)        0.494     3.001    design_1_i/vga_display/inst/waveform_buffer_inst/value_in3[8]
                         LUT3 (Prop_lut3_I1_O)        0.307     3.308 r  design_1_i/vga_display/inst/waveform_buffer_inst/wave_mem[0][4]_i_3/O
                         net (fo=2, unplaced)         0.344     3.652    design_1_i/vga_display/inst/waveform_buffer_inst/p_0_in[0]
                         CARRY4 (Prop_carry4_CYINIT_CO[3])
                                                      0.595     4.247 r  design_1_i/vga_display/inst/waveform_buffer_inst/wave_mem_reg[0][4]_i_9/CO[3]
                         net (fo=1, unplaced)         0.000     4.247    design_1_i/vga_display/inst/waveform_buffer_inst/wave_mem_reg[0][4]_i_9_n_0
                         CARRY4 (Prop_carry4_CI_O[3])
                                                      0.331     4.578 f  design_1_i/vga_display/inst/waveform_buffer_inst/wave_mem_reg[0][8]_i_36/O[3]
                         net (fo=2, unplaced)         0.459     5.037    design_1_i/vga_display/inst/waveform_buffer_inst/value_in1[8]
                         LUT2 (Prop_lut2_I1_O)        0.302     5.339 r  design_1_i/vga_display/inst/waveform_buffer_inst/wave_mem[0][8]_i_13/O
                         net (fo=1, unplaced)         0.000     5.339    design_1_i/vga_display/inst/waveform_buffer_inst/p_0_in[8]
                         CARRY4 (Prop_carry4_DI[3]_CO[3])
                                                      0.429     5.768 r  design_1_i/vga_display/inst/waveform_buffer_inst/wave_mem_reg[0][8]_i_6/CO[3]
                         net (fo=1, unplaced)         0.000     5.768    design_1_i/vga_display/inst/waveform_buffer_inst/wave_mem_reg[0][8]_i_6_n_0
                         CARRY4 (Prop_carry4_CI_CO[3])
                                                      0.117     5.885 r  design_1_i/vga_display/inst/waveform_buffer_inst/wave_mem_reg[0][8]_i_79/CO[3]
                         net (fo=1, unplaced)         0.000     5.885    design_1_i/vga_display/inst/waveform_buffer_inst/wave_mem_reg[0][8]_i_79_n_0
                         CARRY4 (Prop_carry4_CI_CO[3])
                                                      0.117     6.002 r  design_1_i/vga_display/inst/waveform_buffer_inst/wave_mem_reg[0][8]_i_78/CO[3]
                         net (fo=1, unplaced)         0.000     6.002    design_1_i/vga_display/inst/waveform_buffer_inst/wave_mem_reg[0][8]_i_78_n_0
                         CARRY4 (Prop_carry4_CI_CO[3])
                                                      0.117     6.119 r  design_1_i/vga_display/inst/waveform_buffer_inst/wave_mem_reg[0][8]_i_52/CO[3]
                         net (fo=1, unplaced)         0.000     6.119    design_1_i/vga_display/inst/waveform_buffer_inst/wave_mem_reg[0][8]_i_52_n_0
                         CARRY4 (Prop_carry4_CI_CO[3])
                                                      0.117     6.236 r  design_1_i/vga_display/inst/waveform_buffer_inst/wave_mem_reg[0][8]_i_51/CO[3]
                         net (fo=1, unplaced)         0.000     6.236    design_1_i/vga_display/inst/waveform_buffer_inst/wave_mem_reg[0][8]_i_51_n_0
                         CARRY4 (Prop_carry4_CI_O[1])
                                                      0.337     6.573 r  design_1_i/vga_display/inst/waveform_buffer_inst/wave_mem_reg[0][8]_i_32/O[1]
                         net (fo=3, unplaced)         0.629     7.202    design_1_i/vga_display/inst/waveform_buffer_inst/value_in[26]
                         LUT2 (Prop_lut2_I0_O)        0.332     7.534 r  design_1_i/vga_display/inst/waveform_buffer_inst/wave_mem[0][8]_i_23/O
                         net (fo=1, unplaced)         0.000     7.534    design_1_i/vga_display/inst/waveform_buffer_inst/wave_mem[0][8]_i_23_n_0
                         CARRY4 (Prop_carry4_DI[0]_CO[2])
                                                      0.616     8.150 f  design_1_i/vga_display/inst/waveform_buffer_inst/wave_mem_reg[0][8]_i_7/CO[2]
                         net (fo=90, unplaced)        0.549     8.699    design_1_i/vga_display/inst/waveform_buffer_inst/clamp_int1
                         LUT3 (Prop_lut3_I1_O)        0.310     9.009 r  design_1_i/vga_display/inst/waveform_buffer_inst/wave_mem[0][3]_i_1/O
                         net (fo=64, unplaced)        0.000     9.009    design_1_i/vga_display/inst/waveform_buffer_inst/wave_mem[0][3]_i_1_n_0
                         FDSE                                         r  design_1_i/vga_display/inst/waveform_buffer_inst/wave_mem_reg[0][3]/D
  -------------------------------------------------------------------    -------------------

                         (clock clk_out1_design_1_clk_wiz_0_0_1 rise edge)
                                                     40.000    40.000 r  
    E3                                                0.000    40.000 r  sys_clk (IN)
                         net (fo=0)                   0.000    40.000    design_1_i/clk_wiz/inst/clk_in1
    E3                   IBUF (Prop_ibuf_I_O)         1.411    41.411 r  design_1_i/clk_wiz/inst/clkin1_ibufg/O
                         net (fo=1, unplaced)         0.439    41.850    design_1_i/clk_wiz/inst/clk_in1_design_1_clk_wiz_0_0
                         MMCME2_ADV (Prop_mmcme2_adv_CLKIN1_CLKOUT0)
                                                     -5.381    36.470 r  design_1_i/clk_wiz/inst/mmcm_adv_inst/CLKOUT0
                         net (fo=1, unplaced)         0.763    37.232    design_1_i/clk_wiz/inst/clk_out1_design_1_clk_wiz_0_0
                         BUFG (Prop_bufg_I_O)         0.091    37.323 r  design_1_i/clk_wiz/inst/clkout1_buf/O
                         net (fo=6939, unplaced)      0.439    37.762    design_1_i/vga_display/inst/waveform_buffer_inst/clk
                         FDSE                                         r  design_1_i/vga_display/inst/waveform_buffer_inst/wave_mem_reg[0][3]/C
                         clock pessimism              0.531    38.293    
                         clock uncertainty           -0.098    38.195    
                         FDSE (Setup_fdse_C_D)        0.044    38.239    design_1_i/vga_display/inst/waveform_buffer_inst/wave_mem_reg[0][3]
  -------------------------------------------------------------------
                         required time                         38.239    
                         arrival time                          -9.009    
  -------------------------------------------------------------------
                         slack                                 29.230    





Min Delay Paths
--------------------------------------------------------------------------------------
Slack (VIOLATED) :        -0.053ns  (arrival time - required time)
  Source:                 design_1_i/proc_sys_reset_0/U0/EXT_LPF/ACTIVE_HIGH_EXT.ACT_HI_EXT/GENERATE_LEVEL_P_S_CDC.SINGLE_BIT.CROSS_PLEVEL_IN2SCNDRY_IN_cdc_to/C
                            (rising edge-triggered cell FDRE clocked by clk_out1_design_1_clk_wiz_0_0  {rise@0.000ns fall@20.000ns period=40.000ns})
  Destination:            design_1_i/proc_sys_reset_0/U0/EXT_LPF/ACTIVE_HIGH_EXT.ACT_HI_EXT/GENERATE_LEVEL_P_S_CDC.SINGLE_BIT.CROSS_PLEVEL_IN2SCNDRY_s_level_out_d2/D
                            (rising edge-triggered cell FDRE clocked by clk_out1_design_1_clk_wiz_0_0_1  {rise@0.000ns fall@20.000ns period=40.000ns})
  Path Group:             clk_out1_design_1_clk_wiz_0_0_1
  Path Type:              Hold (Min at Fast Process Corner)
  Requirement:            0.000ns  (clk_out1_design_1_clk_wiz_0_0_1 rise@0.000ns - clk_out1_design_1_clk_wiz_0_0 rise@0.000ns)
  Data Path Delay:        0.228ns  (logic 0.147ns (64.493%)  route 0.081ns (35.507%))
  Logic Levels:           0  
  Clock Path Skew:        0.145ns (DCD - SCD - CPR)
    Destination Clock Delay (DCD):    -1.070ns
    Source Clock Delay      (SCD):    -0.935ns
    Clock Pessimism Removal (CPR):    -0.280ns
  Clock Uncertainty:      0.098ns  ((TSJ^2 + DJ^2)^1/2) / 2 + PE
    Total System Jitter     (TSJ):    0.071ns
    Discrete Jitter          (DJ):    0.182ns
    Phase Error              (PE):    0.000ns
  Clock Domain Crossing:  Inter clock paths are considered valid unless explicitly excluded by timing constraints such as set_clock_groups or set_false_path.

    Location             Delay type                Incr(ns)  Path(ns)    Netlist Resource(s)
  -------------------------------------------------------------------    -------------------
                         (clock clk_out1_design_1_clk_wiz_0_0 rise edge)
                                                      0.000     0.000 r  
    E3                                                0.000     0.000 r  sys_clk (IN)
                         net (fo=0)                   0.000     0.000    design_1_i/clk_wiz/inst/clk_in1
    E3                   IBUF (Prop_ibuf_I_O)         0.250     0.250 r  design_1_i/clk_wiz/inst/clkin1_ibufg/O
                         net (fo=1, unplaced)         0.114     0.364    design_1_i/clk_wiz/inst/clk_in1_design_1_clk_wiz_0_0
                         MMCME2_ADV (Prop_mmcme2_adv_CLKIN1_CLKOUT0)
                                                     -1.777    -1.414 r  design_1_i/clk_wiz/inst/mmcm_adv_inst/CLKOUT0
                         net (fo=1, unplaced)         0.338    -1.075    design_1_i/clk_wiz/inst/clk_out1_design_1_clk_wiz_0_0
                         BUFG (Prop_bufg_I_O)         0.026    -1.049 r  design_1_i/clk_wiz/inst/clkout1_buf/O
                         net (fo=6939, unplaced)      0.114    -0.935    design_1_i/proc_sys_reset_0/U0/EXT_LPF/ACTIVE_HIGH_EXT.ACT_HI_EXT/slowest_sync_clk
                         FDRE                                         r  design_1_i/proc_sys_reset_0/U0/EXT_LPF/ACTIVE_HIGH_EXT.ACT_HI_EXT/GENERATE_LEVEL_P_S_CDC.SINGLE_BIT.CROSS_PLEVEL_IN2SCNDRY_IN_cdc_to/C
  -------------------------------------------------------------------    -------------------
                         FDRE (Prop_fdre_C_Q)         0.147    -0.788 r  design_1_i/proc_sys_reset_0/U0/EXT_LPF/ACTIVE_HIGH_EXT.ACT_HI_EXT/GENERATE_LEVEL_P_S_CDC.SINGLE_BIT.CROSS_PLEVEL_IN2SCNDRY_IN_cdc_to/Q
                         net (fo=1, unplaced)         0.081    -0.707    design_1_i/proc_sys_reset_0/U0/EXT_LPF/ACTIVE_HIGH_EXT.ACT_HI_EXT/Q
                         FDRE                                         r  design_1_i/proc_sys_reset_0/U0/EXT_LPF/ACTIVE_HIGH_EXT.ACT_HI_EXT/GENERATE_LEVEL_P_S_CDC.SINGLE_BIT.CROSS_PLEVEL_IN2SCNDRY_s_level_out_d2/D
  -------------------------------------------------------------------    -------------------

                         (clock clk_out1_design_1_clk_wiz_0_0_1 rise edge)
                                                      0.000     0.000 r  
    E3                                                0.000     0.000 r  sys_clk (IN)
                         net (fo=0)                   0.000     0.000    design_1_i/clk_wiz/inst/clk_in1
    E3                   IBUF (Prop_ibuf_I_O)         0.438     0.438 r  design_1_i/clk_wiz/inst/clkin1_ibufg/O
                         net (fo=1, unplaced)         0.259     0.697    design_1_i/clk_wiz/inst/clk_in1_design_1_clk_wiz_0_0
                         MMCME2_ADV (Prop_mmcme2_adv_CLKIN1_CLKOUT0)
                                                     -2.411    -1.715 r  design_1_i/clk_wiz/inst/mmcm_adv_inst/CLKOUT0
                         net (fo=1, unplaced)         0.356    -1.358    design_1_i/clk_wiz/inst/clk_out1_design_1_clk_wiz_0_0
                         BUFG (Prop_bufg_I_O)         0.029    -1.329 r  design_1_i/clk_wiz/inst/clkout1_buf/O
                         net (fo=6939, unplaced)      0.259    -1.070    design_1_i/proc_sys_reset_0/U0/EXT_LPF/ACTIVE_HIGH_EXT.ACT_HI_EXT/slowest_sync_clk
                         FDRE                                         r  design_1_i/proc_sys_reset_0/U0/EXT_LPF/ACTIVE_HIGH_EXT.ACT_HI_EXT/GENERATE_LEVEL_P_S_CDC.SINGLE_BIT.CROSS_PLEVEL_IN2SCNDRY_s_level_out_d2/C
                         clock pessimism              0.280    -0.790    
                         clock uncertainty            0.098    -0.693    
                         FDRE (Hold_fdre_C_D)         0.038    -0.655    design_1_i/proc_sys_reset_0/U0/EXT_LPF/ACTIVE_HIGH_EXT.ACT_HI_EXT/GENERATE_LEVEL_P_S_CDC.SINGLE_BIT.CROSS_PLEVEL_IN2SCNDRY_s_level_out_d2
  -------------------------------------------------------------------
                         required time                          0.655    
                         arrival time                          -0.707    
  -------------------------------------------------------------------
                         slack                                 -0.053    





